// Jest Snapshot v1, https://goo.gl/fbAQLP

exports[`renders correctly 1`] = `
<div>
  <div
    class="makeStyles-root-1"
  >
    <header
      class="MuiPaper-root MuiAppBar-root MuiAppBar-positionStatic MuiAppBar-colorPrimary makeStyles-appBar-2 MuiPaper-elevation4"
    >
      <div
        class="MuiBox-root MuiBox-root-4"
      >
        <img
          alt="Logo"
          height="49"
          src="logo.png"
          width="108"
        />
        ;
      </div>
    </header>
  </div>
  <div
    class="MuiBox-root MuiBox-root-5"
  >
    <p
      class="MuiTypography-root MuiTypography-body1"
    >
      learn react
    </p>
  </div>
</div>
`;
